kush@kush-Lenovo-Z580:~$ sudo docker run hello-world
Unable to find image 'hello-world:latest' locally
latest: Pulling from library/hello-world

ca4f61b1923c: Pull complete 
Digest: sha256:97ce6fa4b6cdc0790cda65fe7290b74cfebd9fa0c9b8c38e979330d547d22ce1
Status: Downloaded newer image for hello-world:latest

Hello from Docker!
This message shows that your installation appears to be working correctly.

To generate this message, Docker took the following steps:
 1. The Docker client contacted the Docker daemon.
 2. The Docker daemon pulled the "hello-world" image from the Docker Hub.
    (amd64)
 3. The Docker daemon created a new container from that image which runs the
    executable that produces the output you are currently reading.
 4. The Docker daemon streamed that output to the Docker client, which sent it
    to your terminal.

To try something more ambitious, you can run an Ubuntu container with:
 $ docker run -it ubuntu bash

Share images, automate workflows, and more with a free Docker ID:
 https://cloud.docker.com/

For more examples and ideas, visit:
 https://docs.docker.com/engine/userguide/




kush@kush-Lenovo-Z580:~$ sudo docker images
REPOSITORY          TAG                 IMAGE ID            CREATED             SIZE
nginx               latest              7f70b30f2cc6        12 days ago         108.7 MB
ubuntu              16.04               f975c5035748        3 weeks ago         112.4 MB
ubuntu              latest              f975c5035748        3 weeks ago         112.4 MB
alpine              latest              3fd9065eaf02        11 weeks ago        4.148 MB
hello-world         latest              f2a91732366c        4 months ago        1.848 kB
kush@kush-Lenovo-Z580:~$ 



kush@kush-Lenovo-Z580:~$ sudo docker exec -it caef8aa6d7c9 /bin/sh
/ # 
/ # 
/ # ls
bin    dev    etc    home   lib    media  mnt    proc   root   run    sbin   srv    sys    tmp    usr    var
/ # ls -l
total 52
drwxr-xr-x    2 root     root          4096 Jan  9 19:37 bin
drwxr-xr-x    5 root     root           380 Apr  3 07:34 dev
drwxr-xr-x   15 root     root          4096 Apr  3 07:34 etc
drwxr-xr-x    2 root     root          4096 Jan  9 19:37 home
drwxr-xr-x    5 root     root          4096 Jan  9 19:37 lib
drwxr-xr-x    5 root     root          4096 Jan  9 19:37 media
drwxr-xr-x    2 root     root          4096 Jan  9 19:37 mnt
dr-xr-xr-x  244 root     root             0 Apr  3 07:34 proc
drwx------    2 root     root          4096 Apr  3 07:36 root
drwxr-xr-x    2 root     root          4096 Jan  9 19:37 run
drwxr-xr-x    2 root     root          4096 Jan  9 19:37 sbin
drwxr-xr-x    2 root     root          4096 Jan  9 19:37 srv
dr-xr-xr-x   13 root     root             0 Apr  3 07:34 sys
drwxrwxrwt    2 root     root          4096 Jan  9 19:37 tmp
drwxr-xr-x    7 root     root          4096 Jan  9 19:37 usr
drwxr-xr-x   11 root     root          4096 Jan  9 19:37 var
/ # 



kush@kush-Lenovo-Z580:~$ sudo docker login
Username: kush07
Password: 
Email: kushagra1606@gmail.com
WARNING: login credentials saved in /home/kush/.docker/config.json
Login Succeeded
kush@kush-Lenovo-Z580:~$ sudo docker image
docker: 'image' is not a docker command.
See 'docker --help'.
kush@kush-Lenovo-Z580:~$ sudo docker images
REPOSITORY          TAG                 IMAGE ID            CREATED             SIZE
nginx               latest              7f70b30f2cc6        12 days ago         108.7 MB
ubuntu              16.04               f975c5035748        3 weeks ago         112.4 MB
ubuntu              latest              f975c5035748        3 weeks ago         112.4 MB
alpine              latest              3fd9065eaf02        11 weeks ago        4.148 MB
hello-world         latest              f2a91732366c        4 months ago        1.848 kB
kush@kush-Lenovo-Z580:~$ sudo docker 3fd9065eaf02  tag kush07/repo1:v1
docker: '3fd9065eaf02' is not a docker command.
See 'docker --help'.
kush@kush-Lenovo-Z580:~$ sudo docker tag 3fd9065eaf02 kush07/repo1:v1
kush@kush-Lenovo-Z580:~$ sudo docker images
REPOSITORY          TAG                 IMAGE ID            CREATED             SIZE
nginx               latest              7f70b30f2cc6        12 days ago         108.7 MB
ubuntu              16.04               f975c5035748        3 weeks ago         112.4 MB
ubuntu              latest              f975c5035748        3 weeks ago         112.4 MB
alpine              latest              3fd9065eaf02        11 weeks ago        4.148 MB
kush07/repo1        v1                  3fd9065eaf02        11 weeks ago        4.148 MB
hello-world         latest              f2a91732366c        4 months ago        1.848 kB
kush@kush-Lenovo-Z580:~$ sudo docker push v1 kush07/repo1
docker: "push" requires 1 argument.
See 'docker push --help'.

Usage:	docker push [OPTIONS] NAME[:TAG]

Push an image or a repository to a registry
kush@kush-Lenovo-Z580:~$ sudo docker push 3fd9065eaf02 kush07/repo1:v1
docker: "push" requires 1 argument.
See 'docker push --help'.

Usage:	docker push [OPTIONS] NAME[:TAG]

Push an image or a repository to a registry
kush@kush-Lenovo-Z580:~$ sudo docker push  kush07/repo1:v1
The push refers to a repository [docker.io/kush07/repo1]
cd7100a72410: Mounted from library/alpine 
v1: digest: sha256:2f3dc4179bd35a699a8f5a273fd8a13032ac48dc10195ce78f15f0637ad0360f size: 2137
kush@kush-Lenovo-Z580:~$ sudo docker push 3fd9065eaf02 kush07/repo1:v1
docker: "push" requires 1 argument.
See 'docker push --help'.

Usage:	docker push [OPTIONS] NAME[:TAG]

Push an image or a repository to a registry
kush@kush-Lenovo-Z580:~$ sudo docker kush07/repo1:v1





kush@kush-Lenovo-Z580:~$ sudo docker build -f
flag needs an argument: -f
See 'docker build --help'.
kush@kush-Lenovo-Z580:~$ sudo docker build -f .
docker: "build" requires 1 argument.
See 'docker build --help'.

Usage:	docker build [OPTIONS] PATH | URL | -

Build an image from a Dockerfile
kush@kush-Lenovo-Z580:~$ sudo docker build -t kushu1
docker: "build" requires 1 argument.
See 'docker build --help'.

Usage:	docker build [OPTIONS] PATH | URL | -

Build an image from a Dockerfile
kush@kush-Lenovo-Z580:~$ sudo docker build -t kushu1 .
Sending build context to Docker daemon 4.291 GB
